// Jest Snapshot v1, https://goo.gl/fbAQLP

exports[`should rener AddExpensePage correctly 1`] = `
"<div>
  <h1>
    ExpenseForm
  </h1>
  <ExpenseForm onSubmit={[Function]} />
</div>"
`;
