// Jest Snapshot v1, https://goo.gl/fbAQLP

exports[`should Render EditExpensePage 1`] = `
"<div>
  <ExpenseForm onSubmit={[Function]} expense={{...}} />
  <button onClick={[Function]}>
    Remove
  </button>
</div>"
`;
