// Jest Snapshot v1, https://goo.gl/fbAQLP

exports[`should render ExpenseForm correctly 1`] = `
"<form className=\\"form\\" onSubmit={[Function]}>
  <input type=\\"text\\" className=\\"text-input\\" placeholder=\\"Description\\" autoFocus={true} value=\\"\\" onChange={[Function]} />
  <br />
  <input type=\\"text\\" className=\\"text-input\\" placeholder=\\"Amount\\" value=\\"\\" onChange={[Function]} />
  <br />
  <withStyles(SingleDatePicker) date={{...}} onDateChange={[Function]} focused={false} onFocusChange={[Function]} numberOfMonths={1} isOutsideRange={[Function: isOutsideRange]} id=\\"date\\" placeholder=\\"Date\\" ariaLabel={[undefined]} disabled={false} required={false} readOnly={false} screenReaderInputMessage=\\"\\" showClearDate={false} showDefaultInputIcon={false} inputIconPosition=\\"before\\" customInputIcon={{...}} customCloseIcon={{...}} noBorder={false} block={false} small={false} regular={false} verticalSpacing={22} keepFocusOnInput={false} orientation=\\"horizontal\\" anchorDirection=\\"left\\" openDirection=\\"down\\" horizontalMargin={0} withPortal={false} withFullScreenPortal={false} appendToBody={false} disableScroll={false} initialVisibleMonth={{...}} firstDayOfWeek={{...}} keepOpenOnDateSelect={false} reopenPickerOnClearDate={false} renderCalendarInfo={{...}} calendarInfoPosition=\\"bottom\\" hideKeyboardShortcutsPanel={false} daySize={39} isRTL={false} verticalHeight={{...}} transitionDuration={[undefined]} horizontalMonthPadding={13} dayPickerNavigationInlineStyles={{...}} navPosition=\\"navPositionTop\\" navPrev={{...}} navNext={{...}} renderNavPrevButton={{...}} renderNavNextButton={{...}} onPrevMonthClick={[Function: onPrevMonthClick]} onNextMonthClick={[Function: onNextMonthClick]} onClose={[Function: onClose]} renderMonthText={{...}} renderWeekHeaderElement={{...}} renderCalendarDay={[undefined]} renderDayContents={{...}} renderMonthElement={{...}} enableOutsideDays={false} isDayBlocked={[Function: isDayBlocked]} isDayHighlighted={[Function: isDayHighlighted]} displayFormat={[Function: displayFormat]} monthFormat=\\"MMMM YYYY\\" weekDayFormat=\\"dd\\" phrases={{...}} dayAriaLabelFormat={[undefined]} />
  <br />
  <textarea placeholder=\\"Add a note for your expense\\" className=\\"textarea\\" value=\\"\\" onChange={[Function]} />
  <div>
    <button className=\\"button\\">
      Save Expense
    </button>
  </div>
</form>"
`;

exports[`should render ExpenseForm with expense data 1`] = `
"<form className=\\"form\\" onSubmit={[Function]}>
  <input type=\\"text\\" className=\\"text-input\\" placeholder=\\"Description\\" autoFocus={true} value=\\"Gum\\" onChange={[Function]} />
  <br />
  <input type=\\"text\\" className=\\"text-input\\" placeholder=\\"Amount\\" value=\\"1.95\\" onChange={[Function]} />
  <br />
  <withStyles(SingleDatePicker) date={{...}} onDateChange={[Function]} focused={false} onFocusChange={[Function]} numberOfMonths={1} isOutsideRange={[Function: isOutsideRange]} id=\\"date\\" placeholder=\\"Date\\" ariaLabel={[undefined]} disabled={false} required={false} readOnly={false} screenReaderInputMessage=\\"\\" showClearDate={false} showDefaultInputIcon={false} inputIconPosition=\\"before\\" customInputIcon={{...}} customCloseIcon={{...}} noBorder={false} block={false} small={false} regular={false} verticalSpacing={22} keepFocusOnInput={false} orientation=\\"horizontal\\" anchorDirection=\\"left\\" openDirection=\\"down\\" horizontalMargin={0} withPortal={false} withFullScreenPortal={false} appendToBody={false} disableScroll={false} initialVisibleMonth={{...}} firstDayOfWeek={{...}} keepOpenOnDateSelect={false} reopenPickerOnClearDate={false} renderCalendarInfo={{...}} calendarInfoPosition=\\"bottom\\" hideKeyboardShortcutsPanel={false} daySize={39} isRTL={false} verticalHeight={{...}} transitionDuration={[undefined]} horizontalMonthPadding={13} dayPickerNavigationInlineStyles={{...}} navPosition=\\"navPositionTop\\" navPrev={{...}} navNext={{...}} renderNavPrevButton={{...}} renderNavNextButton={{...}} onPrevMonthClick={[Function: onPrevMonthClick]} onNextMonthClick={[Function: onNextMonthClick]} onClose={[Function: onClose]} renderMonthText={{...}} renderWeekHeaderElement={{...}} renderCalendarDay={[undefined]} renderDayContents={{...}} renderMonthElement={{...}} enableOutsideDays={false} isDayBlocked={[Function: isDayBlocked]} isDayHighlighted={[Function: isDayHighlighted]} displayFormat={[Function: displayFormat]} monthFormat=\\"MMMM YYYY\\" weekDayFormat=\\"dd\\" phrases={{...}} dayAriaLabelFormat={[undefined]} />
  <br />
  <textarea placeholder=\\"Add a note for your expense\\" className=\\"textarea\\" value=\\"\\" onChange={[Function]} />
  <div>
    <button className=\\"button\\">
      Save Expense
    </button>
  </div>
</form>"
`;

exports[`should render error for invalid for submission 1`] = `
"<form className=\\"form\\" onSubmit={[Function]}>
  <input type=\\"text\\" className=\\"text-input\\" placeholder=\\"Description\\" autoFocus={true} value=\\"\\" onChange={[Function]} />
  <br />
  <input type=\\"text\\" className=\\"text-input\\" placeholder=\\"Amount\\" value=\\"\\" onChange={[Function]} />
  <br />
  <withStyles(SingleDatePicker) date={{...}} onDateChange={[Function]} focused={false} onFocusChange={[Function]} numberOfMonths={1} isOutsideRange={[Function: isOutsideRange]} id=\\"date\\" placeholder=\\"Date\\" ariaLabel={[undefined]} disabled={false} required={false} readOnly={false} screenReaderInputMessage=\\"\\" showClearDate={false} showDefaultInputIcon={false} inputIconPosition=\\"before\\" customInputIcon={{...}} customCloseIcon={{...}} noBorder={false} block={false} small={false} regular={false} verticalSpacing={22} keepFocusOnInput={false} orientation=\\"horizontal\\" anchorDirection=\\"left\\" openDirection=\\"down\\" horizontalMargin={0} withPortal={false} withFullScreenPortal={false} appendToBody={false} disableScroll={false} initialVisibleMonth={{...}} firstDayOfWeek={{...}} keepOpenOnDateSelect={false} reopenPickerOnClearDate={false} renderCalendarInfo={{...}} calendarInfoPosition=\\"bottom\\" hideKeyboardShortcutsPanel={false} daySize={39} isRTL={false} verticalHeight={{...}} transitionDuration={[undefined]} horizontalMonthPadding={13} dayPickerNavigationInlineStyles={{...}} navPosition=\\"navPositionTop\\" navPrev={{...}} navNext={{...}} renderNavPrevButton={{...}} renderNavNextButton={{...}} onPrevMonthClick={[Function: onPrevMonthClick]} onNextMonthClick={[Function: onNextMonthClick]} onClose={[Function: onClose]} renderMonthText={{...}} renderWeekHeaderElement={{...}} renderCalendarDay={[undefined]} renderDayContents={{...}} renderMonthElement={{...}} enableOutsideDays={false} isDayBlocked={[Function: isDayBlocked]} isDayHighlighted={[Function: isDayHighlighted]} displayFormat={[Function: displayFormat]} monthFormat=\\"MMMM YYYY\\" weekDayFormat=\\"dd\\" phrases={{...}} dayAriaLabelFormat={[undefined]} />
  <br />
  <textarea placeholder=\\"Add a note for your expense\\" className=\\"textarea\\" value=\\"\\" onChange={[Function]} />
  <div>
    <button className=\\"button\\">
      Save Expense
    </button>
  </div>
</form>"
`;

exports[`should render error for invalid for submission 2`] = `
"<form className=\\"form\\" onSubmit={[Function]}>
  <p className=\\"form__error\\">
    Please provide description and amount.
  </p>
  <input type=\\"text\\" className=\\"text-input\\" placeholder=\\"Description\\" autoFocus={true} value=\\"\\" onChange={[Function]} />
  <br />
  <input type=\\"text\\" className=\\"text-input\\" placeholder=\\"Amount\\" value=\\"\\" onChange={[Function]} />
  <br />
  <withStyles(SingleDatePicker) date={{...}} onDateChange={[Function]} focused={false} onFocusChange={[Function]} numberOfMonths={1} isOutsideRange={[Function: isOutsideRange]} id=\\"date\\" placeholder=\\"Date\\" ariaLabel={[undefined]} disabled={false} required={false} readOnly={false} screenReaderInputMessage=\\"\\" showClearDate={false} showDefaultInputIcon={false} inputIconPosition=\\"before\\" customInputIcon={{...}} customCloseIcon={{...}} noBorder={false} block={false} small={false} regular={false} verticalSpacing={22} keepFocusOnInput={false} orientation=\\"horizontal\\" anchorDirection=\\"left\\" openDirection=\\"down\\" horizontalMargin={0} withPortal={false} withFullScreenPortal={false} appendToBody={false} disableScroll={false} initialVisibleMonth={{...}} firstDayOfWeek={{...}} keepOpenOnDateSelect={false} reopenPickerOnClearDate={false} renderCalendarInfo={{...}} calendarInfoPosition=\\"bottom\\" hideKeyboardShortcutsPanel={false} daySize={39} isRTL={false} verticalHeight={{...}} transitionDuration={[undefined]} horizontalMonthPadding={13} dayPickerNavigationInlineStyles={{...}} navPosition=\\"navPositionTop\\" navPrev={{...}} navNext={{...}} renderNavPrevButton={{...}} renderNavNextButton={{...}} onPrevMonthClick={[Function: onPrevMonthClick]} onNextMonthClick={[Function: onNextMonthClick]} onClose={[Function: onClose]} renderMonthText={{...}} renderWeekHeaderElement={{...}} renderCalendarDay={[undefined]} renderDayContents={{...}} renderMonthElement={{...}} enableOutsideDays={false} isDayBlocked={[Function: isDayBlocked]} isDayHighlighted={[Function: isDayHighlighted]} displayFormat={[Function: displayFormat]} monthFormat=\\"MMMM YYYY\\" weekDayFormat=\\"dd\\" phrases={{...}} dayAriaLabelFormat={[undefined]} />
  <br />
  <textarea placeholder=\\"Add a note for your expense\\" className=\\"textarea\\" value=\\"\\" onChange={[Function]} />
  <div>
    <button className=\\"button\\">
      Save Expense
    </button>
  </div>
</form>"
`;
