// Jest Snapshot v1, https://goo.gl/fbAQLP

exports[`should render ExpenseListItem with expense 1`] = `
"<div>
  <Link to=\\"/edit/1\\">
    <h3>
      Description: 
      Gum
    </h3>
  </Link>
  Amount: 
  $1.95
  , Created at:
   
  Jan 1st, 1970
  , Note:
</div>"
`;
